CREATE EXTENSION IF NOT EXISTS pg_tde;
SELECT pg_tde_add_global_key_provider_file('file-keyring-pg-1401','/tmp/pg_tde_test_pg1401.per');
 pg_tde_add_global_key_provider_file 
-------------------------------------
                                  -1
(1 row)

SELECT pg_tde_set_key_using_global_key_provider('server-key', 'file-keyring-pg-1401');
 pg_tde_set_key_using_global_key_provider 
------------------------------------------
 
(1 row)

CREATE TABLE t1 (id SERIAL PRIMARY KEY,name VARCHAR(100),t2_id INT) using tde_heap;
INSERT INTO t1(name) VALUES ('John'),('Mark');
SELECT * FROM t1;
 id | name | t2_id 
----+------+-------
  1 | John |      
  2 | Mark |      
(2 rows)

ALTER TABLE t1 SET ACCESS METHOD heap;
SELECT * FROM t1;
 id | name | t2_id 
----+------+-------
  1 | John |      
  2 | Mark |      
(2 rows)

-- Update postgresql.conf, remove pg_tde from shared_preload_libraries
-- server restart
SELECT * FROM t1;
 id | name | t2_id 
----+------+-------
  1 | John |      
  2 | Mark |      
(2 rows)

DROP TABLE t1;
DROP EXTENSION pg_tde;
